MSG:[15:06:06 21.8.2025] 
MSG:[15:06:06 21.8.2025] Started at 2025-Aug-21 13:06:06 universal time
MSG:[15:06:06 21.8.2025] Host(login05)  Port(30999) using TCP/IP v4
MSG:[15:06:06 21.8.2025] ECF_HOME /g100_work/smr_prod/lmattavelli/dir_progetto_v0/nwprun/ecflow
MSG:[15:06:06 21.8.2025] Job scheduling interval: 60
MSG:[15:06:06 21.8.2025] Server initial state is HALTED
MSG:[15:06:06 21.8.2025] 
MSG:[15:06:06 21.8.2025] Started at 2025-Aug-21 13:06:06 universal time
MSG:[15:06:06 21.8.2025] Host(login05)  Port(30999) using TCP/IP v4
MSG:[15:06:06 21.8.2025] ECF_HOME /g100_work/smr_prod/lmattavelli/dir_progetto_v0/nwprun/ecflow
MSG:[15:06:06 21.8.2025] Job scheduling interval: 60
MSG:[15:08:03 21.8.2025] 
MSG:[15:08:03 21.8.2025] Started at 2025-Aug-21 13:08:03 universal time
MSG:[15:08:03 21.8.2025] Host(login05)  Port(30999) using TCP/IP v4
MSG:[15:08:03 21.8.2025] ECF_HOME /g100_work/smr_prod/lmattavelli/dir_progetto_v0/nwprun/ecflow
MSG:[15:08:03 21.8.2025] Job scheduling interval: 60
MSG:[15:08:03 21.8.2025] Server initial state is HALTED
MSG:[15:08:03 21.8.2025] 
MSG:[15:08:03 21.8.2025] Started at 2025-Aug-21 13:08:03 universal time
MSG:[15:08:03 21.8.2025] Host(login05)  Port(30999) using TCP/IP v4
MSG:[15:08:03 21.8.2025] ECF_HOME /g100_work/smr_prod/lmattavelli/dir_progetto_v0/nwprun/ecflow
MSG:[15:08:03 21.8.2025] Job scheduling interval: 60
MSG:[15:11:24 21.8.2025] 
MSG:[15:11:24 21.8.2025] Started at 2025-Aug-21 13:11:24 universal time
MSG:[15:11:24 21.8.2025] Host(login05)  Port(30999) using TCP/IP v4
MSG:[15:11:24 21.8.2025] ECF_HOME /g100_work/smr_prod/lmattavelli/dir_progetto_v0/nwprun/ecflow
MSG:[15:11:24 21.8.2025] Job scheduling interval: 60
MSG:[15:11:24 21.8.2025] Server initial state is HALTED
MSG:[15:11:24 21.8.2025] 
MSG:[15:11:24 21.8.2025] Started at 2025-Aug-21 13:11:24 universal time
MSG:[15:11:24 21.8.2025] Host(login05)  Port(30999) using TCP/IP v4
MSG:[15:11:24 21.8.2025] ECF_HOME /g100_work/smr_prod/lmattavelli/dir_progetto_v0/nwprun/ecflow
MSG:[15:11:24 21.8.2025] Job scheduling interval: 60
MSG:[16:30:52 21.8.2025] 
MSG:[16:30:52 21.8.2025] Started at 2025-Aug-21 14:30:52 universal time
MSG:[16:30:52 21.8.2025] Host(login05)  Port(30999) using TCP/IP v4
MSG:[16:30:52 21.8.2025] ECF_HOME /g100_work/smr_prod/lmattavelli/dir_progetto_v0/nwprun/ecflow
MSG:[16:30:52 21.8.2025] Job scheduling interval: 60
MSG:[16:30:52 21.8.2025] Server initial state is HALTED
MSG:[16:30:52 21.8.2025] 
MSG:[16:30:52 21.8.2025] Started at 2025-Aug-21 14:30:52 universal time
MSG:[16:30:52 21.8.2025] Host(login05)  Port(30999) using TCP/IP v4
MSG:[16:30:52 21.8.2025] ECF_HOME /g100_work/smr_prod/lmattavelli/dir_progetto_v0/nwprun/ecflow
MSG:[16:30:52 21.8.2025] Job scheduling interval: 60
